Archive member included to satisfy reference by file (symbol)

c:/ac6/systemworkbench/plugins/fr.ac6.mcu.externaltools.arm-none.win32_1.7.0.201602121829/tools/compiler/bin/../lib/gcc/arm-none-eabi/5.2.1/../../../../arm-none-eabi/lib/armv7e-m/fpu\libc_nano.a(lib_a-exit.o)
                              c:/ac6/systemworkbench/plugins/fr.ac6.mcu.externaltools.arm-none.win32_1.7.0.201602121829/tools/compiler/bin/../lib/gcc/arm-none-eabi/5.2.1/../../../../arm-none-eabi/lib/armv7e-m/fpu/crt0.o (exit)
c:/ac6/systemworkbench/plugins/fr.ac6.mcu.externaltools.arm-none.win32_1.7.0.201602121829/tools/compiler/bin/../lib/gcc/arm-none-eabi/5.2.1/../../../../arm-none-eabi/lib/armv7e-m/fpu\libc_nano.a(lib_a-impure.o)
                              c:/ac6/systemworkbench/plugins/fr.ac6.mcu.externaltools.arm-none.win32_1.7.0.201602121829/tools/compiler/bin/../lib/gcc/arm-none-eabi/5.2.1/../../../../arm-none-eabi/lib/armv7e-m/fpu\libc_nano.a(lib_a-exit.o) (_global_impure_ptr)
c:/ac6/systemworkbench/plugins/fr.ac6.mcu.externaltools.arm-none.win32_1.7.0.201602121829/tools/compiler/bin/../lib/gcc/arm-none-eabi/5.2.1/../../../../arm-none-eabi/lib/armv7e-m/fpu\libc_nano.a(lib_a-init.o)
                              c:/ac6/systemworkbench/plugins/fr.ac6.mcu.externaltools.arm-none.win32_1.7.0.201602121829/tools/compiler/bin/../lib/gcc/arm-none-eabi/5.2.1/../../../../arm-none-eabi/lib/armv7e-m/fpu/crt0.o (__libc_init_array)
c:/ac6/systemworkbench/plugins/fr.ac6.mcu.externaltools.arm-none.win32_1.7.0.201602121829/tools/compiler/bin/../lib/gcc/arm-none-eabi/5.2.1/../../../../arm-none-eabi/lib/armv7e-m/fpu\libc_nano.a(lib_a-memset.o)
                              c:/ac6/systemworkbench/plugins/fr.ac6.mcu.externaltools.arm-none.win32_1.7.0.201602121829/tools/compiler/bin/../lib/gcc/arm-none-eabi/5.2.1/../../../../arm-none-eabi/lib/armv7e-m/fpu/crt0.o (memset)
c:/ac6/systemworkbench/plugins/fr.ac6.mcu.externaltools.arm-none.win32_1.7.0.201602121829/tools/compiler/bin/../lib/gcc/arm-none-eabi/5.2.1/../../../../arm-none-eabi/lib/armv7e-m/fpu\libnosys.a(_exit.o)
                              c:/ac6/systemworkbench/plugins/fr.ac6.mcu.externaltools.arm-none.win32_1.7.0.201602121829/tools/compiler/bin/../lib/gcc/arm-none-eabi/5.2.1/../../../../arm-none-eabi/lib/armv7e-m/fpu\libc_nano.a(lib_a-exit.o) (_exit)

Allocating common symbols
Common symbol       size              file

uwTick              0x4               Drivers/STM32F4xx_HAL_Driver/stm32f4xx_hal.o
pFlash              0x20              Drivers/STM32F4xx_HAL_Driver/stm32f4xx_hal_flash.o

Discarded input sections

 .text          0x00000000        0x0 c:/ac6/systemworkbench/plugins/fr.ac6.mcu.externaltools.arm-none.win32_1.7.0.201602121829/tools/compiler/bin/../lib/gcc/arm-none-eabi/5.2.1/armv7e-m/fpu/crti.o
 .data          0x00000000        0x0 c:/ac6/systemworkbench/plugins/fr.ac6.mcu.externaltools.arm-none.win32_1.7.0.201602121829/tools/compiler/bin/../lib/gcc/arm-none-eabi/5.2.1/armv7e-m/fpu/crti.o
 .bss           0x00000000        0x0 c:/ac6/systemworkbench/plugins/fr.ac6.mcu.externaltools.arm-none.win32_1.7.0.201602121829/tools/compiler/bin/../lib/gcc/arm-none-eabi/5.2.1/armv7e-m/fpu/crti.o
 .data          0x00000000        0x4 c:/ac6/systemworkbench/plugins/fr.ac6.mcu.externaltools.arm-none.win32_1.7.0.201602121829/tools/compiler/bin/../lib/gcc/arm-none-eabi/5.2.1/armv7e-m/fpu/crtbegin.o
 .text          0x00000000       0x74 c:/ac6/systemworkbench/plugins/fr.ac6.mcu.externaltools.arm-none.win32_1.7.0.201602121829/tools/compiler/bin/../lib/gcc/arm-none-eabi/5.2.1/../../../../arm-none-eabi/lib/armv7e-m/fpu/crt0.o
 .data          0x00000000        0x0 c:/ac6/systemworkbench/plugins/fr.ac6.mcu.externaltools.arm-none.win32_1.7.0.201602121829/tools/compiler/bin/../lib/gcc/arm-none-eabi/5.2.1/../../../../arm-none-eabi/lib/armv7e-m/fpu/crt0.o
 .bss           0x00000000        0x0 c:/ac6/systemworkbench/plugins/fr.ac6.mcu.externaltools.arm-none.win32_1.7.0.201602121829/tools/compiler/bin/../lib/gcc/arm-none-eabi/5.2.1/../../../../arm-none-eabi/lib/armv7e-m/fpu/crt0.o
 .ARM.extab     0x00000000        0x0 c:/ac6/systemworkbench/plugins/fr.ac6.mcu.externaltools.arm-none.win32_1.7.0.201602121829/tools/compiler/bin/../lib/gcc/arm-none-eabi/5.2.1/../../../../arm-none-eabi/lib/armv7e-m/fpu/crt0.o
 .ARM.exidx     0x00000000        0x8 c:/ac6/systemworkbench/plugins/fr.ac6.mcu.externaltools.arm-none.win32_1.7.0.201602121829/tools/compiler/bin/../lib/gcc/arm-none-eabi/5.2.1/../../../../arm-none-eabi/lib/armv7e-m/fpu/crt0.o
 .ARM.attributes
                0x00000000       0x20 c:/ac6/systemworkbench/plugins/fr.ac6.mcu.externaltools.arm-none.win32_1.7.0.201602121829/tools/compiler/bin/../lib/gcc/arm-none-eabi/5.2.1/../../../../arm-none-eabi/lib/armv7e-m/fpu/crt0.o
 .text          0x00000000       0x14 Application/SW4STM32/startup_stm32f401xc.o
 .data          0x00000000        0x0 Application/SW4STM32/startup_stm32f401xc.o
[...]
Memory Configuration

Name             Origin             Length             Attributes
FLASH            0x08000000         0x00040000         xr
RAM              0x20000000         0x00010000         xrw
*default*        0x00000000         0xffffffff

Linker script and memory map

LOAD c:/ac6/systemworkbench/plugins/fr.ac6.mcu.externaltools.arm-none.win32_1.7.0.201602121829/tools/compiler/bin/../lib/gcc/arm-none-eabi/5.2.1/armv7e-m/fpu/crti.o
LOAD c:/ac6/systemworkbench/plugins/fr.ac6.mcu.externaltools.arm-none.win32_1.7.0.201602121829/tools/compiler/bin/../lib/gcc/arm-none-eabi/5.2.1/armv7e-m/fpu/crtbegin.o
LOAD c:/ac6/systemworkbench/plugins/fr.ac6.mcu.externaltools.arm-none.win32_1.7.0.201602121829/tools/compiler/bin/../lib/gcc/arm-none-eabi/5.2.1/../../../../arm-none-eabi/lib/armv7e-m/fpu/crt0.o
LOAD c:/ac6/systemworkbench/plugins/fr.ac6.mcu.externaltools.arm-none.win32_1.7.0.201602121829/tools/compiler/bin/../lib/gcc/arm-none-eabi/5.2.1/../../../../arm-none-eabi/lib/armv7e-m/fpu\libm.a
LOAD Application/SW4STM32/startup_stm32f401xc.o
LOAD Drivers/CMSIS/system_stm32f4xx.o
LOAD Drivers/STM32F4xx_HAL_Driver/stm32f4xx_hal.o
LOAD Drivers/STM32F4xx_HAL_Driver/stm32f4xx_hal_cortex.o
LOAD Drivers/STM32F4xx_HAL_Driver/stm32f4xx_hal_dma.o
LOAD Drivers/STM32F4xx_HAL_Driver/stm32f4xx_hal_dma_ex.o
LOAD Drivers/STM32F4xx_HAL_Driver/stm32f4xx_hal_flash.o
LOAD Drivers/STM32F4xx_HAL_Driver/stm32f4xx_hal_flash_ex.o
LOAD Drivers/STM32F4xx_HAL_Driver/stm32f4xx_hal_flash_ramfunc.o
LOAD Drivers/STM32F4xx_HAL_Driver/stm32f4xx_hal_gpio.o
LOAD Drivers/STM32F4xx_HAL_Driver/stm32f4xx_hal_pwr.o
LOAD Drivers/STM32F4xx_HAL_Driver/stm32f4xx_hal_pwr_ex.o
LOAD Drivers/STM32F4xx_HAL_Driver/stm32f4xx_hal_rcc.o
LOAD Drivers/STM32F4xx_HAL_Driver/stm32f4xx_hal_rcc_ex.o
LOAD Drivers/STM32F4xx_HAL_Driver/stm32f4xx_hal_tim.o
LOAD Drivers/STM32F4xx_HAL_Driver/stm32f4xx_hal_tim_ex.o
LOAD Src/main.o
LOAD Src/stm32f4xx_hal_msp.o
LOAD Src/stm32f4xx_it.o
START GROUP
LOAD c:/ac6/systemworkbench/plugins/fr.ac6.mcu.externaltools.arm-none.win32_1.7.0.201602121829/tools/compiler/bin/../lib/gcc/arm-none-eabi/5.2.1/armv7e-m/fpu\libgcc.a
LOAD c:/ac6/systemworkbench/plugins/fr.ac6.mcu.externaltools.arm-none.win32_1.7.0.201602121829/tools/compiler/bin/../lib/gcc/arm-none-eabi/5.2.1/../../../../arm-none-eabi/lib/armv7e-m/fpu\libc_nano.a
END GROUP
START GROUP
LOAD c:/ac6/systemworkbench/plugins/fr.ac6.mcu.externaltools.arm-none.win32_1.7.0.201602121829/tools/compiler/bin/../lib/gcc/arm-none-eabi/5.2.1/armv7e-m/fpu\libgcc.a
LOAD c:/ac6/systemworkbench/plugins/fr.ac6.mcu.externaltools.arm-none.win32_1.7.0.201602121829/tools/compiler/bin/../lib/gcc/arm-none-eabi/5.2.1/../../../../arm-none-eabi/lib/armv7e-m/fpu\libc_nano.a
LOAD c:/ac6/systemworkbench/plugins/fr.ac6.mcu.externaltools.arm-none.win32_1.7.0.201602121829/tools/compiler/bin/../lib/gcc/arm-none-eabi/5.2.1/../../../../arm-none-eabi/lib/armv7e-m/fpu\libnosys.a
END GROUP
START GROUP
LOAD c:/ac6/systemworkbench/plugins/fr.ac6.mcu.externaltools.arm-none.win32_1.7.0.201602121829/tools/compiler/bin/../lib/gcc/arm-none-eabi/5.2.1/armv7e-m/fpu\libgcc.a
LOAD c:/ac6/systemworkbench/plugins/fr.ac6.mcu.externaltools.arm-none.win32_1.7.0.201602121829/tools/compiler/bin/../lib/gcc/arm-none-eabi/5.2.1/../../../../arm-none-eabi/lib/armv7e-m/fpu\libc_nano.a
LOAD c:/ac6/systemworkbench/plugins/fr.ac6.mcu.externaltools.arm-none.win32_1.7.0.201602121829/tools/compiler/bin/../lib/gcc/arm-none-eabi/5.2.1/../../../../arm-none-eabi/lib/armv7e-m/fpu\libnosys.a
END GROUP
LOAD c:/ac6/systemworkbench/plugins/fr.ac6.mcu.externaltools.arm-none.win32_1.7.0.201602121829/tools/compiler/bin/../lib/gcc/arm-none-eabi/5.2.1/armv7e-m/fpu/crtend.o
LOAD c:/ac6/systemworkbench/plugins/fr.ac6.mcu.externaltools.arm-none.win32_1.7.0.201602121829/tools/compiler/bin/../lib/gcc/arm-none-eabi/5.2.1/armv7e-m/fpu/crtn.o
                0x20010000                _estack = 0x20010000
                0x00000200                _Min_Heap_Size = 0x200
                0x00000400                _Min_Stack_Size = 0x400

.isr_vector     0x08000000      0x194
                0x08000000                . = ALIGN (0x4)
 *(.isr_vector)
 .isr_vector    0x08000000      0x194 Application/SW4STM32/startup_stm32f401xc.o
                0x08000000                g_pfnVectors
                0x08000194                . = ALIGN (0x4)

.text           0x08000194      0xd18
                0x08000194                . = ALIGN (0x4)
 *(.text)
 .text          0x08000194       0xa4 c:/ac6/systemworkbench/plugins/fr.ac6.mcu.externaltools.arm-none.win32_1.7.0.201602121829/tools/compiler/bin/../lib/gcc/arm-none-eabi/5.2.1/armv7e-m/fpu/crtbegin.o
 *(.text*)
 .text.Reset_Handler
                0x08000238       0x50 Application/SW4STM32/startup_stm32f401xc.o
                0x08000238                Reset_Handler
 .text.Default_Handler
                0x08000288        0x2 Application/SW4STM32/startup_stm32f401xc.o
                0x08000288                RTC_Alarm_IRQHandler
                0x08000288                EXTI2_IRQHandler
                0x08000288                DebugMon_Handler
                0x08000288                SPI4_IRQHandler
                0x08000288                TIM1_CC_IRQHandler
                0x08000288                DMA2_Stream5_IRQHandler
                0x08000288                HardFault_Handler
                0x08000288                DMA1_Stream5_IRQHandler
                0x08000288                PVD_IRQHandler
                0x08000288                SDIO_IRQHandler
                0x08000288                TAMP_STAMP_IRQHandler
                0x08000288                PendSV_Handler
                0x08000288                NMI_Handler
                0x08000288                EXTI3_IRQHandler
                0x08000288                TIM1_UP_TIM10_IRQHandler
                0x08000288                I2C3_ER_IRQHandler
                0x08000288                EXTI0_IRQHandler
                0x08000288                I2C2_EV_IRQHandler
                0x08000288                DMA1_Stream2_IRQHandler
                0x08000288                FPU_IRQHandler
                0x08000288                UsageFault_Handler
                0x08000288                DMA2_Stream2_IRQHandler
                0x08000288                SPI1_IRQHandler
                0x08000288                TIM1_BRK_TIM9_IRQHandler
                0x08000288                DMA2_Stream3_IRQHandler
                0x08000288                USART6_IRQHandler
                0x08000288                DMA2_Stream0_IRQHandler
                0x08000288                TIM4_IRQHandler
                0x08000288                I2C1_EV_IRQHandler
                0x08000288                DMA1_Stream6_IRQHandler
                0x08000288                DMA1_Stream1_IRQHandler
                0x08000288                TIM3_IRQHandler
                0x08000288                Default_Handler
                0x08000288                EXTI15_10_IRQHandler
                0x08000288                ADC_IRQHandler
                0x08000288                DMA1_Stream7_IRQHandler
                0x08000288                TIM5_IRQHandler
                0x08000288                DMA2_Stream7_IRQHandler
                0x08000288                I2C3_EV_IRQHandler
                0x08000288                EXTI9_5_IRQHandler
                0x08000288                RTC_WKUP_IRQHandler
                0x08000288                SPI2_IRQHandler
                0x08000288                MemManage_Handler
                0x08000288                DMA1_Stream0_IRQHandler
                0x08000288                SVC_Handler
                0x08000288                EXTI4_IRQHandler
                0x08000288                WWDG_IRQHandler
                0x08000288                TIM2_IRQHandler
                0x08000288                OTG_FS_WKUP_IRQHandler
                0x08000288                TIM1_TRG_COM_TIM11_IRQHandler
                0x08000288                EXTI1_IRQHandler
                0x08000288                USART2_IRQHandler
                0x08000288                I2C2_ER_IRQHandler
                0x08000288                DMA2_Stream1_IRQHandler
                0x08000288                FLASH_IRQHandler
                0x08000288                DMA2_Stream4_IRQHandler
                0x08000288                BusFault_Handler
                0x08000288                USART1_IRQHandler
                0x08000288                OTG_FS_IRQHandler
                0x08000288                SPI3_IRQHandler
                0x08000288                DMA1_Stream4_IRQHandler
                0x08000288                I2C1_ER_IRQHandler
                0x08000288                DMA2_Stream6_IRQHandler
                0x08000288                DMA1_Stream3_IRQHandler
 *fill*         0x0800028a        0x2 
 .text.SystemInit
                0x0800028c       0x4c Drivers/CMSIS/system_stm32f4xx.o
                0x0800028c                SystemInit
 .text.HAL_InitTick
                0x080002d8       0x24 Drivers/STM32F4xx_HAL_Driver/stm32f4xx_hal.o
                0x080002d8                HAL_InitTick
 .text.HAL_Init
                0x080002fc       0x34 Drivers/STM32F4xx_HAL_Driver/stm32f4xx_hal.o
                0x080002fc                HAL_Init
 .text.HAL_IncTick
                0x08000330       0x10 Drivers/STM32F4xx_HAL_Driver/stm32f4xx_hal.o
                0x08000330                HAL_IncTick
 .text.HAL_GetTick
                0x08000340        0xc Drivers/STM32F4xx_HAL_Driver/stm32f4xx_hal.o
                0x08000340                HAL_GetTick
 .text.HAL_NVIC_SetPriorityGrouping
                0x0800034c       0x24 Drivers/STM32F4xx_HAL_Driver/stm32f4xx_hal_cortex.o
                0x0800034c                HAL_NVIC_SetPriorityGrouping
 .text.HAL_NVIC_SetPriority
                0x08000370       0x68 Drivers/STM32F4xx_HAL_Driver/stm32f4xx_hal_cortex.o
                0x08000370                HAL_NVIC_SetPriority
 .text.HAL_NVIC_EnableIRQ
                0x080003d8       0x18 Drivers/STM32F4xx_HAL_Driver/stm32f4xx_hal_cortex.o
                0x080003d8                HAL_NVIC_EnableIRQ
 .text.HAL_SYSTICK_Config
                0x080003f0       0x2c Drivers/STM32F4xx_HAL_Driver/stm32f4xx_hal_cortex.o
                0x080003f0                HAL_SYSTICK_Config
 .text.HAL_SYSTICK_CLKSourceConfig
                0x0800041c       0x18 Drivers/STM32F4xx_HAL_Driver/stm32f4xx_hal_cortex.o
                0x0800041c                HAL_SYSTICK_CLKSourceConfig
 .text.HAL_SYSTICK_Callback
                0x08000434        0x2 Drivers/STM32F4xx_HAL_Driver/stm32f4xx_hal_cortex.o
                0x08000434                HAL_SYSTICK_Callback
 .text.HAL_SYSTICK_IRQHandler
                0x08000436        0x8 Drivers/STM32F4xx_HAL_Driver/stm32f4xx_hal_cortex.o
                0x08000436                HAL_SYSTICK_IRQHandler
 *fill*         0x0800043e        0x2 
 .text.HAL_GPIO_Init
                0x08000440      0x19c Drivers/STM32F4xx_HAL_Driver/stm32f4xx_hal_gpio.o
                0x08000440                HAL_GPIO_Init
 .text.HAL_GPIO_ReadPin
                0x080005dc        0xc Drivers/STM32F4xx_HAL_Driver/stm32f4xx_hal_gpio.o
                0x080005dc                HAL_GPIO_ReadPin
 .text.HAL_GPIO_WritePin
                0x080005e8        0x8 Drivers/STM32F4xx_HAL_Driver/stm32f4xx_hal_gpio.o
                0x080005e8                HAL_GPIO_WritePin
 .text.HAL_RCC_OscConfig
                0x080005f0      0x2d0 Drivers/STM32F4xx_HAL_Driver/stm32f4xx_hal_rcc.o
                0x080005f0                HAL_RCC_OscConfig
 .text.HAL_RCC_ClockConfig
                0x080008c0      0x140 Drivers/STM32F4xx_HAL_Driver/stm32f4xx_hal_rcc.o
                0x080008c0                HAL_RCC_ClockConfig
 .text.HAL_RCC_GetSysClockFreq
                0x08000a00       0x7c Drivers/STM32F4xx_HAL_Driver/stm32f4xx_hal_rcc.o
                0x08000a00                HAL_RCC_GetSysClockFreq
 .text.HAL_RCC_GetHCLKFreq
                0x08000a7c       0x34 Drivers/STM32F4xx_HAL_Driver/stm32f4xx_hal_rcc.o
                0x08000a7c                HAL_RCC_GetHCLKFreq
 .text.SystemClock_Config
                0x08000ab0       0xa0 Src/main.o
                0x08000ab0                SystemClock_Config
 .text.MX_NVIC_Init
                0x08000b50       0x16 Src/main.o
                0x08000b50                MX_NVIC_Init
 *fill*         0x08000b66        0x2 
 .text.B1Pressed
                0x08000b68       0x18 Src/main.o
                0x08000b68                B1Pressed
 .text.startup.main
                0x08000b80      0x270 Src/main.o
                0x08000b80                main
 .text.HAL_MspInit
                0x08000df0       0x48 Src/stm32f4xx_hal_msp.o
                0x08000df0                HAL_MspInit
 .text.SysTick_Handler
                0x08000e38        0xe Src/stm32f4xx_it.o
                0x08000e38                SysTick_Handler
 .text.RCC_IRQHandler
                0x08000e46        0x2 Src/stm32f4xx_it.o
                0x08000e46                RCC_IRQHandler
 .text.__libc_init_array
                0x08000e48       0x4c c:/ac6/systemworkbench/plugins/fr.ac6.mcu.externaltools.arm-none.win32_1.7.0.201602121829/tools/compiler/bin/../lib/gcc/arm-none-eabi/5.2.1/../../../../arm-none-eabi/lib/armv7e-m/fpu\libc_nano.a(lib_a-init.o)
                0x08000e48                __libc_init_array
 *(.glue_7)
 .glue_7        0x08000e94        0x0 linker stubs
 *(.glue_7t)
 .glue_7t       0x08000e94        0x0 linker stubs
 *(.eh_frame)
 .eh_frame      0x08000e94        0x0 c:/ac6/systemworkbench/plugins/fr.ac6.mcu.externaltools.arm-none.win32_1.7.0.201602121829/tools/compiler/bin/../lib/gcc/arm-none-eabi/5.2.1/armv7e-m/fpu/crtbegin.o
 *(.init)
 .init          0x08000e94        0x4 c:/ac6/systemworkbench/plugins/fr.ac6.mcu.externaltools.arm-none.win32_1.7.0.201602121829/tools/compiler/bin/../lib/gcc/arm-none-eabi/5.2.1/armv7e-m/fpu/crti.o
                0x08000e94                _init
 .init          0x08000e98        0x8 c:/ac6/systemworkbench/plugins/fr.ac6.mcu.externaltools.arm-none.win32_1.7.0.201602121829/tools/compiler/bin/../lib/gcc/arm-none-eabi/5.2.1/armv7e-m/fpu/crtn.o
 *(.fini)
 .fini          0x08000ea0        0x4 c:/ac6/systemworkbench/plugins/fr.ac6.mcu.externaltools.arm-none.win32_1.7.0.201602121829/tools/compiler/bin/../lib/gcc/arm-none-eabi/5.2.1/armv7e-m/fpu/crti.o
                0x08000ea0                _fini
 .fini          0x08000ea4        0x8 c:/ac6/systemworkbench/plugins/fr.ac6.mcu.externaltools.arm-none.win32_1.7.0.201602121829/tools/compiler/bin/../lib/gcc/arm-none-eabi/5.2.1/armv7e-m/fpu/crtn.o
                0x08000eac                . = ALIGN (0x4)
                0x08000eac                _etext = .

.vfp11_veneer   0x08000eac        0x0
 .vfp11_veneer  0x08000eac        0x0 linker stubs

.v4_bx          0x08000eac        0x0
 .v4_bx         0x08000eac        0x0 linker stubs

.iplt           0x08000eac        0x0
 .iplt          0x08000eac        0x0 c:/ac6/systemworkbench/plugins/fr.ac6.mcu.externaltools.arm-none.win32_1.7.0.201602121829/tools/compiler/bin/../lib/gcc/arm-none-eabi/5.2.1/armv7e-m/fpu/crtbegin.o

.rodata         0x08000eac       0x10
                0x08000eac                . = ALIGN (0x4)
 *(.rodata)
 .rodata        0x08000eac       0x10 Drivers/STM32F4xx_HAL_Driver/stm32f4xx_hal_rcc.o
                0x08000eac                APBAHBPrescTable
 *(.rodata*)
                0x08000ebc                . = ALIGN (0x4)

.rel.dyn        0x08000ebc        0x0
 .rel.iplt      0x08000ebc        0x0 c:/ac6/systemworkbench/plugins/fr.ac6.mcu.externaltools.arm-none.win32_1.7.0.201602121829/tools/compiler/bin/../lib/gcc/arm-none-eabi/5.2.1/armv7e-m/fpu/crtbegin.o

.ARM.extab
 *(.ARM.extab* .gnu.linkonce.armextab.*)

.ARM            0x08000ebc        0x0
                0x08000ebc                __exidx_start = .
 *(.ARM.exidx*)
                0x08000ebc                __exidx_end = .

.preinit_array  0x08000ebc        0x0
                0x08000ebc                PROVIDE (__preinit_array_start, .)
 *(.preinit_array*)
                0x08000ebc                PROVIDE (__preinit_array_end, .)

.init_array     0x08000ebc        0x4
                0x08000ebc                PROVIDE (__init_array_start, .)
 *(SORT(.init_array.*))
 *(.init_array*)
 .init_array    0x08000ebc        0x4 c:/ac6/systemworkbench/plugins/fr.ac6.mcu.externaltools.arm-none.win32_1.7.0.201602121829/tools/compiler/bin/../lib/gcc/arm-none-eabi/5.2.1/armv7e-m/fpu/crtbegin.o
                0x08000ec0                PROVIDE (__init_array_end, .)

.fini_array     0x08000ec0        0x4
                [!provide]                PROVIDE (__fini_array_start, .)
 *(SORT(.fini_array.*))
 *(.fini_array*)
 .fini_array    0x08000ec0        0x4 c:/ac6/systemworkbench/plugins/fr.ac6.mcu.externaltools.arm-none.win32_1.7.0.201602121829/tools/compiler/bin/../lib/gcc/arm-none-eabi/5.2.1/armv7e-m/fpu/crtbegin.o
                [!provide]                PROVIDE (__fini_array_end, .)
                0x08000ec4                _sidata = LOADADDR (.data)

.data           0x20000000        0x4 load address 0x08000ec4
                0x20000000                . = ALIGN (0x4)
                0x20000000                _sdata = .
 *(.data)
 .data          0x20000000        0x4 Drivers/CMSIS/system_stm32f4xx.o
                0x20000000                SystemCoreClock
 *(.data*)
                0x20000004                . = ALIGN (0x4)
                0x20000004                _edata = .

.jcr            0x20000004        0x0 load address 0x08000ec8
 .jcr           0x20000004        0x0 c:/ac6/systemworkbench/plugins/fr.ac6.mcu.externaltools.arm-none.win32_1.7.0.201602121829/tools/compiler/bin/../lib/gcc/arm-none-eabi/5.2.1/armv7e-m/fpu/crtbegin.o

.tm_clone_table
                0x20000004        0x0 load address 0x08000ec8
 .tm_clone_table
                0x20000004        0x0 c:/ac6/systemworkbench/plugins/fr.ac6.mcu.externaltools.arm-none.win32_1.7.0.201602121829/tools/compiler/bin/../lib/gcc/arm-none-eabi/5.2.1/armv7e-m/fpu/crtbegin.o
 .tm_clone_table
                0x20000004        0x0 c:/ac6/systemworkbench/plugins/fr.ac6.mcu.externaltools.arm-none.win32_1.7.0.201602121829/tools/compiler/bin/../lib/gcc/arm-none-eabi/5.2.1/armv7e-m/fpu/crtend.o

.igot.plt       0x20000004        0x0 load address 0x08000ec8
 .igot.plt      0x20000004        0x0 c:/ac6/systemworkbench/plugins/fr.ac6.mcu.externaltools.arm-none.win32_1.7.0.201602121829/tools/compiler/bin/../lib/gcc/arm-none-eabi/5.2.1/armv7e-m/fpu/crtbegin.o
                0x20000004                . = ALIGN (0x4)

.bss            0x20000004       0x20 load address 0x08000ec8
                0x20000004                _sbss = .
                0x20000004                __bss_start__ = _sbss
 *(.bss)
 .bss           0x20000004       0x1c c:/ac6/systemworkbench/plugins/fr.ac6.mcu.externaltools.arm-none.win32_1.7.0.201602121829/tools/compiler/bin/../lib/gcc/arm-none-eabi/5.2.1/armv7e-m/fpu/crtbegin.o
 *(.bss*)
 *(COMMON)
 COMMON         0x20000020        0x4 Drivers/STM32F4xx_HAL_Driver/stm32f4xx_hal.o
                0x20000020                uwTick
                0x20000024                . = ALIGN (0x4)
                0x20000024                _ebss = .
                0x20000024                __bss_end__ = _ebss

._user_heap_stack
                0x20000024      0x604 load address 0x08000ec8
                0x20000028                . = ALIGN (0x8)
 *fill*         0x20000024        0x4 
                [!provide]                PROVIDE (end, .)
                [!provide]                PROVIDE (_end, .)
                0x20000228                . = (. + _Min_Heap_Size)
 *fill*         0x20000028      0x200 
                0x20000628                . = (. + _Min_Stack_Size)
 *fill*         0x20000228      0x400 
                0x20000628                . = ALIGN (0x8)

/DISCARD/
 libc.a(*)
 libm.a(*)
 libgcc.a(*)

.ARM.attributes
                0x00000000       0x30
 *(.ARM.attributes)
 .ARM.attributes
                0x00000000       0x22 c:/ac6/systemworkbench/plugins/fr.ac6.mcu.externaltools.arm-none.win32_1.7.0.201602121829/tools/compiler/bin/../lib/gcc/arm-none-eabi/5.2.1/armv7e-m/fpu/crti.o
 .ARM.attributes
                0x00000022       0x34 c:/ac6/systemworkbench/plugins/fr.ac6.mcu.externaltools.arm-none.win32_1.7.0.201602121829/tools/compiler/bin/../lib/gcc/arm-none-eabi/5.2.1/armv7e-m/fpu/crtbegin.o
 .ARM.attributes
                0x00000056       0x21 Application/SW4STM32/startup_stm32f401xc.o
 .ARM.attributes
                0x00000077       0x39 Drivers/CMSIS/system_stm32f4xx.o
 .ARM.attributes
                0x000000b0       0x39 Drivers/STM32F4xx_HAL_Driver/stm32f4xx_hal.o
 .ARM.attributes
                0x000000e9       0x39 Drivers/STM32F4xx_HAL_Driver/stm32f4xx_hal_cortex.o
 .ARM.attributes
                0x00000122       0x39 Drivers/STM32F4xx_HAL_Driver/stm32f4xx_hal_gpio.o
 .ARM.attributes
                0x0000015b       0x39 Drivers/STM32F4xx_HAL_Driver/stm32f4xx_hal_rcc.o
 .ARM.attributes
                0x00000194       0x39 Src/main.o
 .ARM.attributes
                0x000001cd       0x39 Src/stm32f4xx_hal_msp.o
 .ARM.attributes
                0x00000206       0x39 Src/stm32f4xx_it.o
 .ARM.attributes
                0x0000023f       0x34 c:/ac6/systemworkbench/plugins/fr.ac6.mcu.externaltools.arm-none.win32_1.7.0.201602121829/tools/compiler/bin/../lib/gcc/arm-none-eabi/5.2.1/../../../../arm-none-eabi/lib/armv7e-m/fpu\libc_nano.a(lib_a-init.o)
 .ARM.attributes
                0x00000273       0x34 c:/ac6/systemworkbench/plugins/fr.ac6.mcu.externaltools.arm-none.win32_1.7.0.201602121829/tools/compiler/bin/../lib/gcc/arm-none-eabi/5.2.1/armv7e-m/fpu/crtend.o
 .ARM.attributes
                0x000002a7       0x22 c:/ac6/systemworkbench/plugins/fr.ac6.mcu.externaltools.arm-none.win32_1.7.0.201602121829/tools/compiler/bin/../lib/gcc/arm-none-eabi/5.2.1/armv7e-m/fpu/crtn.o
OUTPUT(HAL_Blink.elf elf32-littlearm)

.debug_line     0x00000000     0x4774
 .debug_line    0x00000000       0xe6 Application/SW4STM32/startup_stm32f401xc.o
 .debug_line    0x000000e6      0x80a Drivers/CMSIS/system_stm32f4xx.o
 .debug_line    0x000008f0      0x939 Drivers/STM32F4xx_HAL_Driver/stm32f4xx_hal.o
 .debug_line    0x00001229      0x9ae Drivers/STM32F4xx_HAL_Driver/stm32f4xx_hal_cortex.o
 .debug_line    0x00001bd7      0x963 Drivers/STM32F4xx_HAL_Driver/stm32f4xx_hal_gpio.o
 .debug_line    0x0000253a      0xabe Drivers/STM32F4xx_HAL_Driver/stm32f4xx_hal_rcc.o
 .debug_line    0x00002ff8      0x872 Src/main.o
 .debug_line    0x0000386a      0x77a Src/stm32f4xx_hal_msp.o
 .debug_line    0x00003fe4      0x790 Src/stm32f4xx_it.o

.debug_info     0x00000000     0x4026
 .debug_info    0x00000000       0xe1 Application/SW4STM32/startup_stm32f401xc.o
 .debug_info    0x000000e1      0x4b0 Drivers/CMSIS/system_stm32f4xx.o
 .debug_info    0x00000591      0x84e Drivers/STM32F4xx_HAL_Driver/stm32f4xx_hal.o
 .debug_info    0x00000ddf      0xdd4 Drivers/STM32F4xx_HAL_Driver/stm32f4xx_hal_cortex.o
 .debug_info    0x00001bb3      0x721 Drivers/STM32F4xx_HAL_Driver/stm32f4xx_hal_gpio.o
 .debug_info    0x000022d4      0xc9b Drivers/STM32F4xx_HAL_Driver/stm32f4xx_hal_rcc.o
 .debug_info    0x00002f6f      0xc99 Src/main.o
 .debug_info    0x00003c08      0x322 Src/stm32f4xx_hal_msp.o
 .debug_info    0x00003f2a       0xfc Src/stm32f4xx_it.o

.debug_abbrev   0x00000000      0xeff
 .debug_abbrev  0x00000000       0x12 Application/SW4STM32/startup_stm32f401xc.o
 .debug_abbrev  0x00000012      0x104 Drivers/CMSIS/system_stm32f4xx.o
 .debug_abbrev  0x00000116      0x261 Drivers/STM32F4xx_HAL_Driver/stm32f4xx_hal.o
 .debug_abbrev  0x00000377      0x332 Drivers/STM32F4xx_HAL_Driver/stm32f4xx_hal_cortex.o
 .debug_abbrev  0x000006a9      0x1cb Drivers/STM32F4xx_HAL_Driver/stm32f4xx_hal_gpio.o
 .debug_abbrev  0x00000874      0x2ff Drivers/STM32F4xx_HAL_Driver/stm32f4xx_hal_rcc.o
 .debug_abbrev  0x00000b73      0x208 Src/main.o
 .debug_abbrev  0x00000d7b       0xc5 Src/stm32f4xx_hal_msp.o
 .debug_abbrev  0x00000e40       0xbf Src/stm32f4xx_it.o

.debug_aranges  0x00000000      0x2f8
 .debug_aranges
                0x00000000       0x28 Application/SW4STM32/startup_stm32f401xc.o
 .debug_aranges
                0x00000028       0x28 Drivers/CMSIS/system_stm32f4xx.o
 .debug_aranges
                0x00000050       0xb8 Drivers/STM32F4xx_HAL_Driver/stm32f4xx_hal.o
 .debug_aranges
                0x00000108       0x98 Drivers/STM32F4xx_HAL_Driver/stm32f4xx_hal_cortex.o
 .debug_aranges
                0x000001a0       0x58 Drivers/STM32F4xx_HAL_Driver/stm32f4xx_hal_gpio.o
 .debug_aranges
                0x000001f8       0x80 Drivers/STM32F4xx_HAL_Driver/stm32f4xx_hal_rcc.o
 .debug_aranges
                0x00000278       0x38 Src/main.o
 .debug_aranges
                0x000002b0       0x20 Src/stm32f4xx_hal_msp.o
 .debug_aranges
                0x000002d0       0x28 Src/stm32f4xx_it.o

.debug_ranges   0x00000000      0x4c0
 .debug_ranges  0x00000000       0x20 Application/SW4STM32/startup_stm32f401xc.o
 .debug_ranges  0x00000020       0x18 Drivers/CMSIS/system_stm32f4xx.o
 .debug_ranges  0x00000038       0xa8 Drivers/STM32F4xx_HAL_Driver/stm32f4xx_hal.o
 .debug_ranges  0x000000e0      0x148 Drivers/STM32F4xx_HAL_Driver/stm32f4xx_hal_cortex.o
 .debug_ranges  0x00000228       0x70 Drivers/STM32F4xx_HAL_Driver/stm32f4xx_hal_gpio.o
 .debug_ranges  0x00000298      0x150 Drivers/STM32F4xx_HAL_Driver/stm32f4xx_hal_rcc.o
 .debug_ranges  0x000003e8       0xb0 Src/main.o
 .debug_ranges  0x00000498       0x10 Src/stm32f4xx_hal_msp.o
 .debug_ranges  0x000004a8       0x18 Src/stm32f4xx_it.o

.debug_loc      0x00000000      0xe59
 .debug_loc     0x00000000       0xd7 Drivers/CMSIS/system_stm32f4xx.o
 .debug_loc     0x000000d7       0x84 Drivers/STM32F4xx_HAL_Driver/stm32f4xx_hal.o
 .debug_loc     0x0000015b      0x4ab Drivers/STM32F4xx_HAL_Driver/stm32f4xx_hal_cortex.o
 .debug_loc     0x00000606      0x370 Drivers/STM32F4xx_HAL_Driver/stm32f4xx_hal_gpio.o
 .debug_loc     0x00000976      0x4e3 Drivers/STM32F4xx_HAL_Driver/stm32f4xx_hal_rcc.o

.debug_macro    0x00000000     0xe08b
 .debug_macro   0x00000000      0x2c1 Drivers/CMSIS/system_stm32f4xx.o
 .debug_macro   0x000002c1      0x89e Drivers/CMSIS/system_stm32f4xx.o
 .debug_macro   0x00000b5f       0x2e Drivers/CMSIS/system_stm32f4xx.o
 .debug_macro   0x00000b8d       0x28 Drivers/CMSIS/system_stm32f4xx.o
 .debug_macro   0x00000bb5       0x22 Drivers/CMSIS/system_stm32f4xx.o
 .debug_macro   0x00000bd7       0x44 Drivers/CMSIS/system_stm32f4xx.o
 .debug_macro   0x00000c1b       0xfd Drivers/CMSIS/system_stm32f4xx.o
 .debug_macro   0x00000d18       0x22 Drivers/CMSIS/system_stm32f4xx.o
 .debug_macro   0x00000d3a      0x1df Drivers/CMSIS/system_stm32f4xx.o
 .debug_macro   0x00000f19       0x35 Drivers/CMSIS/system_stm32f4xx.o
 .debug_macro   0x00000f4e       0x50 Drivers/CMSIS/system_stm32f4xx.o
 .debug_macro   0x00000f9e      0xe66 Drivers/CMSIS/system_stm32f4xx.o
 .debug_macro   0x00001e04     0x503e Drivers/CMSIS/system_stm32f4xx.o
 .debug_macro   0x00006e42       0x43 Drivers/CMSIS/system_stm32f4xx.o
 .debug_macro   0x00006e85      0x148 Drivers/CMSIS/system_stm32f4xx.o
 .debug_macro   0x00006fcd      0x1a4 Drivers/CMSIS/system_stm32f4xx.o
 .debug_macro   0x00007171     0x33a6 Drivers/CMSIS/system_stm32f4xx.o
 .debug_macro   0x0000a517       0x58 Drivers/CMSIS/system_stm32f4xx.o
 .debug_macro   0x0000a56f       0x35 Drivers/CMSIS/system_stm32f4xx.o
 .debug_macro   0x0000a5a4       0x9c Drivers/CMSIS/system_stm32f4xx.o
 .debug_macro   0x0000a640       0x16 Drivers/CMSIS/system_stm32f4xx.o
 .debug_macro   0x0000a656       0x97 Drivers/CMSIS/system_stm32f4xx.o
 .debug_macro   0x0000a6ed      0x329 Drivers/CMSIS/system_stm32f4xx.o
 .debug_macro   0x0000aa16       0xfd Drivers/CMSIS/system_stm32f4xx.o
 .debug_macro   0x0000ab13       0x10 Drivers/CMSIS/system_stm32f4xx.o
 .debug_macro   0x0000ab23       0x52 Drivers/CMSIS/system_stm32f4xx.o
 .debug_macro   0x0000ab75       0x16 Drivers/CMSIS/system_stm32f4xx.o
 .debug_macro   0x0000ab8b       0x43 Drivers/CMSIS/system_stm32f4xx.o
 .debug_macro   0x0000abce      0x187 Drivers/CMSIS/system_stm32f4xx.o
 .debug_macro   0x0000ad55       0x10 Drivers/CMSIS/system_stm32f4xx.o
 .debug_macro   0x0000ad65       0x22 Drivers/CMSIS/system_stm32f4xx.o
 .debug_macro   0x0000ad87       0x3a Drivers/CMSIS/system_stm32f4xx.o
 .debug_macro   0x0000adc1       0x10 Drivers/CMSIS/system_stm32f4xx.o
 .debug_macro   0x0000add1       0x40 Drivers/CMSIS/system_stm32f4xx.o
 .debug_macro   0x0000ae11       0x65 Drivers/CMSIS/system_stm32f4xx.o
 .debug_macro   0x0000ae76       0x16 Drivers/CMSIS/system_stm32f4xx.o
 .debug_macro   0x0000ae8c      0x197 Drivers/CMSIS/system_stm32f4xx.o
 .debug_macro   0x0000b023       0x50 Drivers/CMSIS/system_stm32f4xx.o
 .debug_macro   0x0000b073      0x408 Drivers/CMSIS/system_stm32f4xx.o
 .debug_macro   0x0000b47b      0x9da Drivers/CMSIS/system_stm32f4xx.o
 .debug_macro   0x0000be55      0x11e Drivers/CMSIS/system_stm32f4xx.o
 .debug_macro   0x0000bf73       0xf8 Drivers/CMSIS/system_stm32f4xx.o
 .debug_macro   0x0000c06b       0x27 Drivers/CMSIS/system_stm32f4xx.o
 .debug_macro   0x0000c092      0x272 Drivers/CMSIS/system_stm32f4xx.o
 .debug_macro   0x0000c304       0x5f Drivers/CMSIS/system_stm32f4xx.o
 .debug_macro   0x0000c363      0x23a Drivers/CMSIS/system_stm32f4xx.o
 .debug_macro   0x0000c59d      0x13a Drivers/CMSIS/system_stm32f4xx.o
 .debug_macro   0x0000c6d7      0x23a Drivers/CMSIS/system_stm32f4xx.o
 .debug_macro   0x0000c911       0x2e Drivers/CMSIS/system_stm32f4xx.o
 .debug_macro   0x0000c93f      0x11e Drivers/CMSIS/system_stm32f4xx.o
 .debug_macro   0x0000ca5d       0x85 Drivers/CMSIS/system_stm32f4xx.o
 .debug_macro   0x0000cae2       0x89 Drivers/CMSIS/system_stm32f4xx.o
 .debug_macro   0x0000cb6b      0x11e Drivers/CMSIS/system_stm32f4xx.o
 .debug_macro   0x0000cc89      0x309 Drivers/STM32F4xx_HAL_Driver/stm32f4xx_hal.o
 .debug_macro   0x0000cf92      0x2bb Drivers/STM32F4xx_HAL_Driver/stm32f4xx_hal_cortex.o
 .debug_macro   0x0000d24d      0x2f3 Drivers/STM32F4xx_HAL_Driver/stm32f4xx_hal_gpio.o
 .debug_macro   0x0000d540      0x2e5 Drivers/STM32F4xx_HAL_Driver/stm32f4xx_hal_rcc.o
 .debug_macro   0x0000d825      0x2c4 Src/main.o
 .debug_macro   0x0000dae9       0x22 Src/main.o
 .debug_macro   0x0000db0b      0x2bb Src/stm32f4xx_hal_msp.o
 .debug_macro   0x0000ddc6      0x2c5 Src/stm32f4xx_it.o

.debug_str      0x00000000    0x5704f
 .debug_str     0x00000000    0x55c3c Drivers/CMSIS/system_stm32f4xx.o
                              0x55f06 (size before relaxing)
 .debug_str     0x00055c3c      0x8d2 Drivers/STM32F4xx_HAL_Driver/stm32f4xx_hal.o
                              0x5676a (size before relaxing)
 .debug_str     0x0005650e      0x373 Drivers/STM32F4xx_HAL_Driver/stm32f4xx_hal_cortex.o
                              0x565d1 (size before relaxing)
 .debug_str     0x00056881      0x32a Drivers/STM32F4xx_HAL_Driver/stm32f4xx_hal_gpio.o
                              0x5615d (size before relaxing)
 .debug_str     0x00056bab      0x3a6 Drivers/STM32F4xx_HAL_Driver/stm32f4xx_hal_rcc.o
                              0x562ec (size before relaxing)
 .debug_str     0x00056f51       0x90 Src/main.o
                              0x5646d (size before relaxing)
 .debug_str     0x00056fe1       0x27 Src/stm32f4xx_hal_msp.o
                              0x56099 (size before relaxing)
 .debug_str     0x00057008       0x47 Src/stm32f4xx_it.o
                              0x55d0a (size before relaxing)

.comment        0x00000000       0x6e
 .comment       0x00000000       0x6e Drivers/CMSIS/system_stm32f4xx.o
                                 0x6f (size before relaxing)
 .comment       0x0000006e       0x6f Drivers/STM32F4xx_HAL_Driver/stm32f4xx_hal.o
 .comment       0x0000006e       0x6f Drivers/STM32F4xx_HAL_Driver/stm32f4xx_hal_cortex.o
 .comment       0x0000006e       0x6f Drivers/STM32F4xx_HAL_Driver/stm32f4xx_hal_gpio.o
 .comment       0x0000006e       0x6f Drivers/STM32F4xx_HAL_Driver/stm32f4xx_hal_rcc.o
 .comment       0x0000006e       0x6f Src/main.o
 .comment       0x0000006e       0x6f Src/stm32f4xx_hal_msp.o
 .comment       0x0000006e       0x6f Src/stm32f4xx_it.o

.debug_frame    0x00000000      0x620
 .debug_frame   0x00000000       0x30 Drivers/CMSIS/system_stm32f4xx.o
 .debug_frame   0x00000030      0x184 Drivers/STM32F4xx_HAL_Driver/stm32f4xx_hal.o
 .debug_frame   0x000001b4      0x130 Drivers/STM32F4xx_HAL_Driver/stm32f4xx_hal_cortex.o
 .debug_frame   0x000002e4       0xd4 Drivers/STM32F4xx_HAL_Driver/stm32f4xx_hal_gpio.o
 .debug_frame   0x000003b8      0x150 Drivers/STM32F4xx_HAL_Driver/stm32f4xx_hal_rcc.o
 .debug_frame   0x00000508       0x84 Src/main.o
 .debug_frame   0x0000058c       0x2c Src/stm32f4xx_hal_msp.o
 .debug_frame   0x000005b8       0x3c Src/stm32f4xx_it.o
 .debug_frame   0x000005f4       0x2c c:/ac6/systemworkbench/plugins/fr.ac6.mcu.externaltools.arm-none.win32_1.7.0.201602121829/tools/compiler/bin/../lib/gcc/arm-none-eabi/5.2.1/../../../../arm-none-eabi/lib/armv7e-m/fpu\libc_nano.a(lib_a-init.o)
